JillT@DESKTOP-LI9J0LR MINGW64 ~/OneDrive/Documents/Computing/Web Development/Personal Web projects/Thomas-Family-Blog (main)
$ git status
On branch main
Your branch is up to date with 'origin/main'.

Changes not staged for commit:
  (use "git add <file>..." to update what will be committed)
  (use "git restore <file>..." to discard changes in working directory)
        modified:   August_2023.html
        modified:   styles.css

Untracked files:
  (use "git add <file>..." to include in what will be committed)
        Animated_cyclist_htmlAndCss.txt
        September_2023.html
        resources/draftPhotos/

no changes added to commit (use "git add" and/or "git commit -a")

JillT@DESKTOP-LI9J0LR MINGW64 ~/OneDrive/Documents/Computing/Web Development/Personal Web projects/Thomas-Family-Blog (main)
$ git add August_2023.html styles.css

JillT@DESKTOP-LI9J0LR MINGW64 ~/OneDrive/Documents/Computing/Web Development/Personal Web projects/Thomas-Family-Blog (main)
$ git status
On branch main
Your branch is up to date with 'origin/main'.

Changes to be committed:
  (use "git restore --staged <file>..." to unstage)
        modified:   August_2023.html
        modified:   styles.css

Untracked files:
  (use "git add <file>..." to include in what will be committed)
        Animated_cyclist_htmlAndCss.txt
        September_2023.html
        resources/draftPhotos/


JillT@DESKTOP-LI9J0LR MINGW64 ~/OneDrive/Documents/Computing/Web Development/Personal Web projects/Thomas-Family-Blog (main)
$ git commit -m "Addition of animated cyclist to August header and css edits"
[main bcaea01] Addition of animated cyclist to August header and css edits
 2 files changed, 794 insertions(+), 7 deletions(-)

JillT@DESKTOP-LI9J0LR MINGW64 ~/OneDrive/Documents/Computing/Web Development/Personal Web projects/Thomas-Family-Blog (main)
$ git status
On branch main
Your branch is ahead of 'origin/main' by 1 commit.
  (use "git push" to publish your local commits)

Untracked files:
  (use "git add <file>..." to include in what will be committed)
        Animated_cyclist_htmlAndCss.txt
        September_2023.html
        resources/draftPhotos/

nothing added to commit but untracked files present (use "git add" to track)

JillT@DESKTOP-LI9J0LR MINGW64 ~/OneDrive/Documents/Computing/Web Development/Personal Web projects/Thomas-Family-Blog (main)
$ git push
Enumerating objects: 7, done.
Counting objects: 100% (7/7), done.
Delta compression using up to 8 threads
Compressing objects: 100% (4/4), done.
Writing objects: 100% (4/4), 5.34 KiB | 2.67 MiB/s, done.
Total 4 (delta 2), reused 0 (delta 0), pack-reused 0
remote: Resolving deltas: 100% (2/2), completed with 2 local objects.
To https://github.com/JillThomas799/Thomas-Family-Blog.git
   5b86a6b..bcaea01  main -> main

JillT@DESKTOP-LI9J0LR MINGW64 ~/OneDrive/Documents/Computing/Web Development/Personal Web projects/Thomas-Family-Blog (main)
$ ^C

JillT@DESKTOP-LI9J0LR MINGW64 ~/OneDrive/Documents/Computing/Web Development/Personal Web projects/Thomas-Family-Blog (main)
$
